Note: Loading ./.latex2html-init
Note: Initialising with file: .latex2html-init
This is LaTeX2HTML Version 2002-2 (1.70)
by Nikos Drakos, Computer Based Learning Unit, University of Leeds.

Revised and extended by:
 Marcus Hennecke, Ross Moore, Herb Swan and others
...producing markup for HTML version 4.0  with latin1,unicode extensions



Extension: loading /usr/local/share/lib/latex2html/versions/latin1.pl
HTML version: loading /usr/local/share/lib/latex2html/versions/html4_0.pl

Extension: loading /usr/local/share/lib/latex2html/versions/unicode.pl
 *** processing declarations ***

OPENING /var/www/pp/noosphere/data/versions/objects/237/SchrodingerEquationWithARampPotential.tex 

Cannot create directory ./: File exists, reusing it.

Note: Working directory is /var/www/pp/noosphere/data/versions/objects/237
Note: Images will be generated in /tmp/l2h5063

texexpand V2002-2 (Revision 1.11)



Loading /usr/local/share/lib/latex2html/styles/texdefs.perl...
Package: loading /usr/local/share/lib/latex2html/styles/article.perl
Package: loading /usr/local/share/lib/latex2html/styles/amsmath.perl
Package: loading /usr/local/share/lib/latex2html/styles/more_amsmath.perl
Package: loading /usr/local/share/lib/latex2html/styles/graphixx.perl
Package: loading /usr/local/share/lib/latex2html/styles/graphics-support.perl
Package: loading /usr/local/share/lib/latex2html/styles/getimagesize.perl
Reading ...
++
@@@@@@

Translating ...
0/0:top of SchrodingerEquationWithARampPotential: for SchrodingerEquationWithARampPotential.html

 *** translating preamble ***
.....
Warning: No implementation found for package: graphicx..
 *** preamble done ***
;.,.,.;

Writing image file ...

This is TeX, Version 3.14159 (Web2C 7.4.5)
(./images.tex
LaTeX2e <2001/06/01>
Babel <v3.7h> and hyphenation patterns for american, french, german, ngerman, n
ohyphenation, loaded.


 *** processing 2 images ***

Generating postscript images using dvips ...
/root/.dvipsrc: Permission denied
/root/.dvipsrc: Permission denied
This is dvips(k) 5.92b Copyright 2002 Radical Eye Software (www.radicaleye.com)
' TeX output 2007.04.11:1509' -> /tmp/l2h5063/image
(-> /tmp/l2h5063/image001) <tex.pro><alt-rule.pro><texc.pro><aae443f0.enc>
<f7b6d320.enc><bbad153f.enc><texps.pro><special.pro><color.pro><cmr10.pfb>
<cmmi10.pfb>[1] (-> /tmp/l2h5063/image002) <tex.pro><alt-rule.pro><texc.pro>
<aae443f0.enc><f7b6d320.enc><bbad153f.enc><texps.pro><special.pro><color.pro>
<cmsy10.pfb><msbm10.pfb><cmr7.pfb><cmr10.pfb><cmmi10.pfb>[2] 
Converting image #2
Converting image #1

Doing section links ....
 *** Adding document-specific styles *** 

*********** WARNINGS ***********  
No implementation found for style `graphicx'

Done.
